------------------------------------------------------------------------------------------------------------------------------------------------------------------------
      name:  <unnamed>
       log:  C:\Users\istei\OneDrive\Promotion\1_Projects\PES_Colombia\analysis/scripts/logs/2022.10.17-11.30.51.log.txt
  log type:  text
 opened on:  17 Oct 2022, 11:30:51

. 
. di "Begin date and time: $S_DATE $S_TIME"
Begin date and time: 17 Oct 2022 11:30:51

. di "Stata version: `c(stata_version)'"
Stata version: 16.1

. di "Updated as of: `c(born_date)'"
Updated as of: 19 Nov 2020

. di "Variant:       `=cond( c(MP),"MP",cond(c(SE),"SE",c(flavor)) )'"
Variant:       MP

. di "Processors:    `c(processors)'"
Processors:    2

. di "OS:            `c(os)' `c(osdtl)'"
OS:            Windows 64-bit

. di "Machine type:  `c(machine_type)'"
Machine type:  PC (64-bit x86-64)

. 
. *   Analyses were run on Windows using Stata version 16
. version 16              // Set Version number for backward compatibility

. 
. * All required Stata packages are available in the /libraries/stata folder
. tokenize `"$S_ADO"', parse(";")

. while `"`1'"' != "" {
  2.   if `"`1'"'!="BASE" cap adopath - `"`1'"'
  3.   macro shift
  4. }

. adopath ++ "$working_ANALYSIS/scripts/libraries/stata"
  [1]              "C:\Users\istei\OneDrive\Promotion\1_Projects\PES_Colombia\analysis/scripts/libraries/stata"
  [2]  (BASE)      "C:\Program Files\Stata16\ado\base/"

. mata: mata mlib index
.mlib libraries to be searched are now
    lmatabase;lmataado;lmataerm;lmatafc;lmatagsem;lmatalasso;lmatamcmc;lmatameta;lmatami;lmatamixlog;lmatanumlib;lmataopt;lmatapath;lmatapostest;lmatapss;lmatasem;lmata
> sp;lmatasvy;lmatatab;lcolrspace

. sysdir set PERSONAL "$working_ANALYSIS/scripts/libraries/stata"

. 
. * Create directories for output files
. cap mkdir "$working_ANALYSIS/processed"

. cap mkdir "$working_ANALYSIS/results"

. cap mkdir "$working_ANALYSIS/results/intermediate"

. cap mkdir "$working_ANALYSIS/results/tables"

. cap mkdir "$working_ANALYSIS/results/figures"

. 
. * Set general graph style
. set scheme swift_red //select one scheme as reference scheme to work with

. grstyle init 

. {
. *Background color
. grstyle set color white: background plotregion graphregion legend box textbox //
. 
. *Main colors (note: swift_red only defines 8 colors. Multiplying the color, that is "xx yy zz*0.5" reduces/increases intensity and "xx yy zz%50" reduces transparency)
. grstyle set color       "100 143 255" "120 94 240" "220 38 127" "254 97 0" "255 176 0" /// 5 main colors
>                                         "100 143 255*0.4" "120 94 240*0.4" "220 38 127*0.4" "254 97 0*0.4" "255 176 0*0.4" ///
>                                         "100 143 255*1.7" "120 94 240*1.7" "220 38 127*1.7" "254 97 0*1.7" "255 176 0*1.7" ///
>                                         : p# p#line p#lineplot p#bar p#area p#arealine p#pie histogram 
. 
. *Font size
. grstyle set size 10pt: heading //titles
. grstyle set size 8pt: subheading axis_title //axis titles
. grstyle set size 8pt: p#label p#boxlabel body small_body text_option axis_label tick_label minortick_label key_label //all other text
. 
. }

. * -------------------------------------------------
. 
. 
. *--------------------------------------------------
. * Run processing and analysis scripts
. *--------------------------------------------------
. //TODO: update with finale cleaning / analysis files
. do "$working_ANALYSIS/scripts/01_clean_generate.do"

. *--------------------------------------------------------------------------------------
. * SCRIPT: 01_clean_generate.do
. * PURPOSE: cleans the raw excel data and generates additional variables for analysis
. *--------------------------------------------------------------------------------------
. 
. *----------------------------
. * 1) Import excel dataset and cleaning
. *----------------------------
. clear

. import excel  "$working_ANALYSIS/data/psa_data.xlsx", firstrow
(106 vars, 203 obs)

. 
. *Correcting data entry errors with help of colombian team
. replace farms_n =. if id==96
(1 real change made, 1 to missing)

. replace farm1_size =. if id==10 
(1 real change made, 1 to missing)

. replace farm1_size =. if id==235
(1 real change made, 1 to missing)

. replace farm2_unit =1 if id==221
(1 real change made)

. replace payment_n =. if id==15
(1 real change made, 1 to missing)

. replace donation_n = 0 if donation_n==.
(14 real changes made)

. replace income_n = 18000 if id==172
(1 real change made)

. replace income_n = 18000 if id==411 & donation_n==2000
(1 real change made)

. replace household_income=. if id==10
(1 real change made, 1 to missing)

. replace household_income=. if id==96
(1 real change made, 1 to missing)

. replace household_income=500000 if id==97
(1 real change made)

. replace household_income=. if id==142
(1 real change made, 1 to missing)

. replace household_income=. if id==226 & treatment_d==2
(1 real change made, 1 to missing)

. 
. 
. 
. 
. *redefine data (adjust unit size)
. replace farm1_size = farm1_size/10000 if farm1_unit==2
(5 real changes made)

. replace farm1_size = farm1_size*0.64 if farm1_unit==3
(71 real changes made)

. replace farm1_size = farm1_size*0.64 if farm1_unit==4
(0 real changes made)

. replace farm2_size = farm2_size/10000 if farm2_unit==2
(2 real changes made)

. replace farm2_size = farm2_size*0.64 if farm2_unit==3
(32 real changes made)

. replace farm2_size = farm2_size*0.64 if farm2_unit==4
(0 real changes made)

. replace farm2_size =. if farm2_size==0
(1 real change made, 1 to missing)

. replace farm3_size = farm3_size/10000 if farm3_unit==2
(4 real changes made)

. replace farm3_size = farm3_size*0.64 if farm3_unit==3
(14 real changes made)

. replace farm3_size = farm3_size*0.64 if farm3_unit==4
(0 real changes made)

. replace farm3_size =. if farm3_size==0
(1 real change made, 1 to missing)

. replace farm4_size = farm4_size/10000 if farm4_unit==2
(1 real change made)

. replace farm4_size = farm4_size*0.64 if farm4_unit==3
(8 real changes made)

. replace farm4_size = farm4_size*0.64 if farm4_unit==4
(0 real changes made)

. 
. *label variables
. lab var id "Unique identifier"

. lab var id_name "Participant name"

. lab var assistant "Name of the assistant performing the survey"

. lab var date "Date the survey was taken"

. lab var treatment_d "Treatment participants was assigned to"

. lab def treat_lab 1 "Treatment 1" 2 "Treatment 2" 4 "Control", replace

. lab val treatment_d treat_lab

. lab var phase_d "Which phase of the PES did the participant complete?"

. lab def phase_lab 1 "Phase 1" 2 "Phase 2" 8 "None", replace

. lab val phase_d phase_lab

. lab var panel_d "Panel data on motivations available"

. lab var place_survey "Place where the survey was performed"

. lab var remember_d "remember_d=1 if the participant remembers participating in the PES programme"

. lab var land_mun "Municipality on which the land that participated in the programme is located"

. lab var payment_rem_d "payment_rem=1 if the participan recalls the amount of payments he/she recived"

. lab var payment_n "The number of payments given to the participant during the programme."

. lab var payment_t "Total amount of money payed to the participant during the porgramme"

. lab var payment_u "For what did the participant use the money"

. lab var know_part "know_part=1 if the person knows other people that have participated in the programme"
note: label truncated to 80 characters

. lab var know_part_n "Number of people that the participan knows that have participated too in the programme"
note: label truncated to 80 characters

. lab var participate_d "participate_d=1 if the person participated in the programme design or adjustment"

. lab var participate_w "Way of Participation in the programme design/adjustment"

. lab var participate_o_d "participate_o=1 if the person knows that there are other people still receiving the programme benefits."
note: label truncated to 80 characters

. lab var selection_op "Opinion on the selection of participants of the programme. (open ended)"

. lab var selection_f "Perceived fairness of participant selection process."

. lab def selection_lab 1 "Not fair" 2 "" 3 "" 4 "totally fair" 5 "Don't know", replace

. lab val selection_f selection_lab

. lab var p_satisfaction "Satisfaction with the programme."

. lab def satisfaction_lab 1 "Not satisfied" 2 "" 3 "" 4 "totally satisfied" 5 "Don't know", replace

. lab val p_satisfaction satisfaction_lab

. lab var p_people_d "Knows people currently in the pregramme"

. lab var p_people_n "Number of people known who are currently in the programme."

. lab var donation_d "donation_d=1 if the person wants to do a donation"

. lab var donation_org "Donation Organisation"

. lab def donation_lab 1 "TropenBos" 2 "Gaia" 3 "Omacha" 4 "Random", replace

. lab val donation_org donation_lab

. lab var donation_org_r "Randomly chosen Donation Organisation."

. lab def donation_rdm_lab 1 "TrompenBos" 2 "Gaia" 3 "Omacha", replace

. lab val donation_org_r donation_rdm_lab

. lab var donation_n "Amount donated by the person to the selected organisation"

. lab var donation_tot "Amount the organisation receives as a donation = (donation_n *2)"

. lab var income_n "Amount of money the person keeps after donation."

. lab var tropenbos_d "tropenbos_d=1 if the person knows about TropenBos"

. lab var tropenbos_1 "What does the person knows about TropenBos?"

. lab var gaia_d "gaia_d=1 if the person knows about Gaia"

. lab var gaia_1 "What does the person knows about Gaia?"

. lab var omacha_d "omacha_d=1 if the person knows about Omacha"

. lab var omacha_1 "What does the person knows about Omacha?"

. lab var donation_ngo "Donation to NGO"

. lab def donation_lab 1 "Never" 2 "Once" 3 "Many times", replace

. lab val donation_ngo donation_lab

. lab var donation_all "donation_all=1 if the person donated all th money given to him/her"

. lab var donation_40k_d "donation_40k_d=1 if they would have donated all if given 40000 instead of 20000"

. lab var donation_80k_d "donation_80k_d=1 if they would have donated all if given 80000 instead of 20000"

. lab var donation_100k_d "donation_100k_d=1 if they would have donated all if given 100000 instead of 20000"
note: label truncated to 80 characters

. lab var regret_forest "Regret if I damage the forest"

. lab def agree_disagree 1 "Totally disagree" 2 "Disagree" 3 "Agree" 4 "Totally agree", replace

. lab val regret_forest agree_disagree

. lab var deforestation "There is very little we can do to reduce deforestation."

. lab val deforestation agree_disagree

. lab var farms_n "Total number of farms owned by the person"

. lab var farm1_size "Size of farm 1"

. lab var farm1_unit "Units of famr1_size"

. lab def unit_lab 1 "ha" 2 "m2" 3 "fanegada" 4 "cuadras" 5 "Don't know", replace

. lab val farm1_unit unit_lab

. lab var farm2_size "Size of farm 2"

. lab var farm2_unit "Units of famr2_size"

. lab val farm2_unit unit_lab

. lab var farm3_size "Size of farm 3"

. lab var farm3_unit "Units of famr3_size"

. lab val farm3_unit unit_lab

. lab var farm4_size "Size of farm 4"

. lab var farm4_unit "Units of famr4_size"

. lab val farm4_unit unit_lab

. lab var cut_trees_d "cut_trees_d=1 if the person  has cut trees or forest after leaving the programme"

. lab var cut_trees_n "amount of trees or ha of forest cut"

. lab var cut_trees_u "Units of cut_trees_n"

. lab var enjoy_care "Joy from taking care of the Forest"

. lab val enjoy_care agree_disagree

. lab var polspace "Political and community participation"

. lab val polspace agree_disagree

. lab var residence "Current Residence of the participant"

. lab def residence_lab 1 "Farm (payments)" 2 "City" 3 "Town" 4 "Other farm(no payments)", replace

. lab val residence residence_lab

. lab var neighbors "The people closest to me would be upset with me if I knock down the forest."

. lab val neighbors agree_disagree

. lab var econ_activity "Main economic activity"

. lab def income_lab 1 "Agriculture" 2 "Cattlemen" 3 "Merchant" 4 "Employee" 5 "Laborer" 6 "Other", replace

. lab val econ_activity income_lab

. lab var econ_activity_6 "Economic activity of the person if econ_activity==6 (Other)"

. lab var econ_depend "Number of persons economically dependent of him/her"

. lab var control_publicw "Control over public workers"

. lab val control_publicw agree_disagree

. lab var id_age "Age of the participant"

. lab var id_sex "id_sex=1 woman"

. lab var proud_forest "I feel proud to take care of the forest."

. lab val proud_forest agree_disagree

. lab var id_educ_household "The highest level of education achieved by the people in the household"

. lab def edu_lab 1 "None" 2 "Incomplete primary" 3 "Complete primary" 4 "Incomplete secondary" 5 "Complete secondary" 6 "Incomplete technical" 7 "Complete technical" 8
>  "Incomplete professional" 9 "Complete professional" 10 "Incomplete graduate" 11 "Complete graduate", replace

. lab val id_educ_household edu_lab

. lab var id_educ "The highest level of education achieved by the person"

. lab val id_educ edu_lab

. lab var care_forest "Take care of the forest only if paid."

. lab val care_forest agree_disagree

. lab var civicorg_d "Civic Organisation Participation (Dummy)"

. lab var civicorg "Description of which civic organisation the person participates in"

. lab var civicorg_y "Year since the person has been participating in the civic organisation."

. lab var civicorg_part "Civic Organisation Participation"

. lab def org_lab 1 "very little" 2 "a little" 3 "actively" 4 "very actively", replace

. lab val civicorg_part org_lab

. lab var pruductiveorg_d "Productive Organisation Participation (Dummy)"

. lab var pruductiveorg "Description of which productive organisation the person participates in"

. lab var pruductiveorg_y "Year since the person has been participating in the productive organisation."

. lab var pruductiveorg_part "Productive Organisation Participation"

. lab val pruductiveorg_part org_lab

. lab var guilt_forest "Guilt from damaging the forest"

. lab val guilt_forest agree_disagree

. lab var neighbors_critic "My neighbors would criticize me if I damage the forest."

. lab val neighbors_critic agree_disagree

. lab var household_income "Household monthly income in COP"

. lab var responsibility_gov "I believe that in the long term, citizens are responsible for bad government at national and local levels"
note: label truncated to 80 characters

. lab val responsibility_gov agree_disagree

. lab var activity_income "Activity that produces the highest income"

. lab var fine_forest "I do not damage the forest for fear of fines that the environmental authority can give me."
note: label truncated to 80 characters

. lab val fine_forest agree_disagree

. lab var noprotect_forest "There is no point in protecting the forest."

. lab val noprotect_forest agree_disagree

. lab var trust_people "You can trust most people."

. lab def likert5 1 "Strongly disagree" 2 "Disagree" 3 "Neither" 4 "Agree" 5 "Strongly agree", replace

. lab val trust_people likert5

. lab var trust_townpeople "Trust in people from town/neighborhood"

. lab val trust_townpeople likert5

. lab var trust_familiy "Trust people from family only"

. lab val trust_familiy likert5

. lab var community_activ "Participation in Community activities"

. lab def ca_lab 1 "Never" 2 "Everyday" 3 "Once a week" 4 "Once a month" 5 "Couple times a year", replace

. lab val community_activ ca_lab

. lab var community_activ_1 "community_activ_1=1 if the participation mas VOLUNTARY"

. lab var community_activ_2 "community_activ_2=1 if the participation mas VOLUNTARY"

. lab var community_activ_3 "community_activ_3=1 if the participation mas VOLUNTARY"

. lab var id_cedula "Cedula (National ID)"

. lab var know_nonpart "know_nonpart=1 if he/she knows a person with farms/land that have not participated in the program"
note: label truncated to 80 characters

. lab var know_prog_d "know_prog_d=1 if the person knows the programme"

. lab var know_prog "What does the person knows about the programme (open text)"

. lab var apply_prog_d "apply_prog_d=1 if the person applied to the programme"

. lab var prog_selection "Reason why the person did not get selected into the programme, according to them. (open text)"
note: label truncated to 80 characters

. lab var noapply_prog "Reason for not applying to the programme"

. lab def reason_lab 1 "Did not know" 2 "Did not meet requirements" 3 "Application process very difficult" 4 "found out too late" 5 "no trust" 6 "not interestest" 7 "ot
> her"

. lab var noapply_prog_1  "Reason for not applying to the programme: the person did not know the programme"

. lab var noapply_prog_2  "Reason for not applying to the programme: the person did not meet the requirements"
note: label truncated to 80 characters

. lab var noapply_prog_3  "Reason for not applying to the programme: 'The application or the process was very difficult'"
note: label truncated to 80 characters

. lab var noapply_prog_4  "Reason for not applying to the programme: the person found out when it was too late."
note: label truncated to 80 characters

. lab var noapply_prog_5  "Reason for not applying to the programme: the person did NOT trust the programme"

. lab var noapply_prog_6  "Reason for not applying to the programme: the person was NOT interested in the programme"
note: label truncated to 80 characters

. lab var noapply_prog_7  "Reason for not applying to the programme: Other"

. 
. 
. 
. 
. *----------------------------------
. * 2) Generate additional variables
. *----------------------------------
. *PES participation dummies
. gen participant=0

. replace participant=1 if phase_d==1 | phase_d==2
(123 real changes made)

. 
. gen phase1 =0

. replace phase1=1 if phase_d==1
(56 real changes made)

. 
. gen phase2 =0

. replace phase2 =1 if phase_d==2
(67 real changes made)

. 
. gen pes_participation = 1 if phase_d ==8
(123 missing values generated)

. replace pes_participation = 2 if phase_d == 1
(56 real changes made)

. replace pes_participation = 3 if phase_d == 2
(67 real changes made)

. lab def pes_part 1 "NM" 2 "MT" 3 "MR", replace

. lab val pes_participation pes_part

. tab pes_participation, gen(group_)

pes_partici |
     pation |      Freq.     Percent        Cum.
------------+-----------------------------------
         NM |         80       39.41       39.41
         MT |         56       27.59       67.00
         MR |         67       33.00      100.00
------------+-----------------------------------
      Total |        203      100.00

. lab var group_1 "NM"

. lab var group_2 "MT"

. lab var group_3 "MR"

. 
. *Treatment priming dummy
. gen primed =0

. replace primed =1 if treatment_d==1
(60 real changes made)

. replace primed = . if pes_participation == 1
(80 real changes made, 80 to missing)

. lab def prime_lab 0 "Control" 1 "Treatment", replace

. lab val primed prime_lab

. 
. *interaction terms with group
. gen primed_group2=primed*group_2
(80 missing values generated)

. gen primed_group3=primed*group_3
(80 missing values generated)

. 
. 
. *donation in percent
. gen donation_percent = (donation_n*100) / 20000

. replace donation_percent = 0 if donation_n == 0
(0 real changes made)

. 
. 
. *total land size if farmer has more farms
. gen land_size = farm1_size if farms_n==1
(79 missing values generated)

. replace land_size = farm1_size + farm2_size  if farms_n==2
(38 real changes made)

. replace land_size = farm1_size + farm2_size + farm3_size  if farms_n==3
(18 real changes made)

. replace land_size = farm1_size + farm2_size + farm3_size + farm4_size  if farms_n>=4
(20 real changes made)

. 
. *female dummy
. gen female =0

. replace female =1 if id_sex==1
(57 real changes made)

. 
. *education dummy
. gen max_primary = 0 

. replace max_primary = 1 if id_educ < 4
(93 real changes made)

. lab var max_primary "Participant completed up to primary school but not more."

. 
. *collective action in community
. gen collective_action = 1 if community_activ==1
(109 missing values generated)

. replace collective_action = 2 if community_activ==5
(68 real changes made)

. replace collective_action = 3 if community_activ==4
(25 real changes made)

. replace collective_action = 4 if community_activ==3
(15 real changes made)

. replace collective_action = 5 if community_activ==2
(1 real change made)

. lab def collective_lab 1 "Never" 2 "Couple times a year" 3 "Once a month" 4 "Once a week" 5 "Everyday", replace

. lab val collective_action collective_lab

. gen never_collective = 0

. replace never_collective = 1 if collective_action == 1
(94 real changes made)

. lab var never_collective "=1 if participant never participates in community activities."

. *interaction phase and treatment
. gen phase1primed = phase1*primed
(80 missing values generated)

. 
. gen phase2primed = phase2*primed
(80 missing values generated)

. 
. *dummies for all professions and education levels
. gen agricultor =0

. replace agricultor =1 if econ_activity ==1
(66 real changes made)

. gen cattlemen =0

. replace cattlemen =1 if econ_activity ==2
(35 real changes made)

. gen merchant =0

. replace merchant =1 if econ_activity ==3
(12 real changes made)

. gen employee =0

. replace employee =1 if econ_activity ==4
(37 real changes made)

. gen laborer =0

. replace laborer =1 if econ_activity ==5
(2 real changes made)

. gen othereconactivity =0

. replace othereconactivity =1 if econ_activity ==6
(51 real changes made)

. gen housholdnoeducation =0

. replace housholdnoeducation =1 if id_educ_household==1
(1 real change made)

. gen housholdincompleteprim =0

. replace housholdincompleteprim =1 if id_educ_household==2
(9 real changes made)

. gen housholdcompleteprim =0

. replace housholdcompleteprim =1 if id_educ_household==3
(18 real changes made)

. gen housholdincompletesec =0

. replace housholdincompletesec =1 if id_educ_household==4
(11 real changes made)

. gen housholdcompletesec =0

. replace housholdcompletesec =1 if id_educ_household==5
(48 real changes made)

. gen housholdincompletetec =0

. replace housholdincompletetec =1 if id_educ_household==6
(1 real change made)

. gen housholdcompletetec =0

. replace housholdcompletetec =1 if id_educ_household==7
(10 real changes made)

. gen housholdincompleteprof =0

. replace housholdincompleteprof =1 if id_educ_household==8
(18 real changes made)

. gen housholdcompleteprof =0

. replace housholdcompleteprof =1 if id_educ_household==9
(46 real changes made)

. gen housholdincompletegrad =0

. replace housholdincompletegrad =1 if id_educ_household==10
(3 real changes made)

. gen housholdcompletegrad =0

. replace housholdcompletegrad =1 if id_educ_household==11
(38 real changes made)

. gen noeducation =0

. replace noeducation =1 if id_educ==1
(1 real change made)

. gen incompleteprim =0

. replace incompleteprim =1 if id_educ==2
(49 real changes made)

. gen completeprim =0

. replace completeprim =1 if id_educ==3
(43 real changes made)

. gen incompletesec =0

. replace incompletesec =1 if id_educ==4
(23 real changes made)

. gen completesec =0

. replace completesec =1 if id_educ==5
(17 real changes made)

. gen incompletetec =0

. replace incompletetec =1 if id_educ==6
(3 real changes made)

. gen completetec =0

. replace completetec =1 if id_educ==7
(18 real changes made)

. gen incompleteprof =0

. replace incompleteprof =1 if id_educ==8
(3 real changes made)

. gen completeprof =0

. replace completeprof =1 if id_educ==9
(24 real changes made)

. gen incompletegrad =0

. replace incompletegrad =1 if id_educ==10
(1 real change made)

. gen completegrad =0

. replace completegrad =1 if id_educ==11
(21 real changes made)

. 
. *donation experience
. gen donnever=0

. replace donnever = 1 if donation_ngo==1
(155 real changes made)

. gen dononce=0

. replace dononce = 1 if donation_ngo==2
(19 real changes made)

. gen donmany=0

. replace donmany = 1 if donation_ngo==3
(29 real changes made)

. gen knowsNGO =0

. replace knowsNGO =1 if tropenbos_d==1 | gaia_d==1 | omacha_d==1
(33 real changes made)

. gen donatedbefore =0

. replace donatedbefore=1 if donation_ngo==2 | donation_ngo==3
(48 real changes made)

. 
. 
. *dummies on selection fairness
. gen selectionnotfair =0

. replace selectionnotfair = 1 if selection_f==1
(19 real changes made)

. gen selectionnotveryfair =0

. replace selectionnotveryfair = 1 if selection_f==2
(19 real changes made)

. gen selectionfair =0

. replace selectionfair = 1 if selection_f==3
(24 real changes made)

. gen selectiontotallyfair =0

. replace selectiontotallyfair = 1 if selection_f==4
(41 real changes made)

. gen selectionna=0

. replace selectionna = 1 if selection_f==5
(20 real changes made)

. gen satisfactionnotatall=0

. replace satisfactionnotatall = 1 if p_satisfaction==1
(15 real changes made)

. gen satisfactionnot=0

. replace satisfactionnot = 1 if p_satisfaction==2
(24 real changes made)

. gen satisfactionyes=0

. replace satisfactionyes = 1 if p_satisfaction==3
(34 real changes made)

. gen satisfactiontotally=0

. replace satisfactiontotally = 1 if p_satisfaction==4
(48 real changes made)

. gen satisfactionna=0

. replace satisfactionna = 1 if p_satisfaction==5
(2 real changes made)

. 
. *pooled
. gen satisfied =0

. replace satisfied=1 if p_satisfaction ==3 | p_satisfaction ==4
(82 real changes made)

. gen fairselection =0

. replace fairselection=1 if selection_f ==3 | selection_f ==4
(65 real changes made)

. 
. 
. *dummies for the organisations where subjects want to donate
. gen TropenBos=0

. replace TropenBos=1 if donation_org==1
(53 real changes made)

. gen Gaia=0

. replace Gaia=1 if donation_org==2
(85 real changes made)

. gen Omacha=0

. replace Omacha=1 if donation_org==3
(37 real changes made)

. gen Any=0

. replace Any=1 if donation_org==4
(14 real changes made)

. 
. *pooling different education levels to basic and high education
. gen basiceducation =0

. replace basiceducation =1 if id_educ <=5
(133 real changes made)

. gen higheducation =0

. replace higheducation =1 if id_educ >=6
(70 real changes made)

. gen higheducationprimed = higheducation*primed
(80 missing values generated)

. gen basiceductionprimed = basiceducation*primed
(80 missing values generated)

. 
. *check income levels and convert to PPP
. sum household_income, detail

               Household monthly income in COP
-------------------------------------------------------------
      Percentiles      Smallest
 1%            0              0
 5%       100000              0
10%       200000         100000       Obs                 199
25%       400000         100000       Sum of Wgt.         199

50%       800000                      Mean            1934922
                        Largest       Std. Dev.       3014523
75%      2000000       1.00e+07
90%      5000000       1.50e+07       Variance       9.09e+12
95%     1.00e+07       2.00e+07       Skewness       3.367925
99%     2.00e+07       2.00e+07       Kurtosis       16.97734

. *PPP conversion factor from World Bank for Colombia in 2018 = 1322,16
. gen income_hh_ppp = household_income / 1322.16
(4 missing values generated)

. lab var income_hh_ppp "PPP adjusted monthly household income"

. 
. *variables for sample splits:socioeconomic status, age
. egen aux_income_hh_ppp = median(income_hh_ppp)

. gen high_SES = 1 if income_hh_ppp >= aux_income_hh_ppp
(98 missing values generated)

. replace high_SES = 0 if income_hh_ppp < aux_income_hh_ppp
(98 real changes made)

. lab var high_SES "Above median household income." 

. drop aux_income_hh_ppp

. 
. egen aux_id_age = median(id_age)

. gen high_age = 1 if id_age >= aux_id_age
(94 missing values generated)

. replace high_age = 0 if id_age < aux_id_age
(94 real changes made)

. lab var high_age "Aged above median." 

. drop aux_id_age

. 
. * PES payments per instalment
. gen amount_per_payment = payment_t / payment_n
(83 missing values generated)

. gen amount_per_payment_ppp = amount_per_payment / 1322.16
(83 missing values generated)

. gen payment_ppp = payment_t / 1322.16
(82 missing values generated)

. 
. *current residence
. gen residence_farm = 0

. replace residence_farm = 1 if residence == 1 | residence == 4
(122 real changes made)

. 
. *motivations to protect the forest
. *intrinsic: enjoy_care guilt_forest regret_forest proud_forest
. *social: neighbors_critic neighbors 
. *external(payments): care_forest
. *external (fines): fine_forest
. *a-motivated: noprotect_forest
. *LoC: deforestation
. alpha guilt_forest enjoy_care regret_forest proud_forest,  gen(motivation1) // alpha=0.72

Test scale = mean(unstandardized items)

Average interitem covariance:     .0917102
Number of items in the scale:            4
Scale reliability coefficient:      0.7240

. alpha neighbors_critic neighbors, gen(motivation2)   // alpha=0.57

Test scale = mean(unstandardized items)

Average interitem covariance:     .3747744
Number of items in the scale:            2
Scale reliability coefficient:      0.5722

. rename care_forest motivation3

. rename fine_forest motivation4

. rename deforestation motivation5

. rename noprotect_forest motivation6

. 
. *standardize donations
. foreach x of varlist motivation1 motivation2 motivation3 motivation4 motivation5 motivation6 {
  2.         egen  z_`x' = std(`x')
  3. }

. 
. *replace misssing values with median values for respective group_
. bys pes_participation: sum land_size farms_n income_hh_ppp, detail

------------------------------------------------------------------------------------------------------------------------------------------------------------------------
-> pes_participation = NM

                          land_size
-------------------------------------------------------------
      Percentiles      Smallest
 1%          .12            .12
 5%           .8            .64
10%         1.33            .64       Obs                  80
25%         2.56            .64       Sum of Wgt.          80

50%         4.58                      Mean           15.55445
                        Largest       Std. Dev.      28.52711
75%        13.12           76.8
90%        45.08           78.5       Variance        813.796
95%         74.9            130       Skewness       3.655667
99%          180            180       Kurtosis       18.37727

          Total number of farms owned by the person
-------------------------------------------------------------
      Percentiles      Smallest
 1%            1              1
 5%            1              1
10%            1              1       Obs                  80
25%            1              1       Sum of Wgt.          80

50%            1                      Mean             1.6125
                        Largest       Std. Dev.      1.206457
75%            2              4
90%            3              4       Variance       1.455538
95%            4              5       Skewness       3.520499
99%            9              9       Kurtosis       19.56634

            PPP adjusted monthly household income
-------------------------------------------------------------
      Percentiles      Smallest
 1%            0              0
 5%     75.63381       75.63381
10%     151.2676       75.63381       Obs                  80
25%     226.9014       75.63381       Sum of Wgt.          80

50%     529.4367                      Mean           1259.636
                        Largest       Std. Dev.      2553.164
75%     1134.507       5294.367
90%     3025.353       7563.381       Variance        6518648
95%     4538.029       15126.76       Skewness       4.332404
99%     15126.76       15126.76       Kurtosis       22.91812

------------------------------------------------------------------------------------------------------------------------------------------------------------------------
-> pes_participation = MT

                          land_size
-------------------------------------------------------------
      Percentiles      Smallest
 1%          .75            .75
 5%         2.56           1.92
10%         3.84           2.56       Obs                  55
25%            6              3       Sum of Wgt.          55

50%           12                      Mean           56.06055
                        Largest       Std. Dev.      148.7716
75%           60            130
90%        100.5            210       Variance       22132.99
95%          210            366       Skewness       5.678332
99%         1046           1046       Kurtosis       37.36278

          Total number of farms owned by the person
-------------------------------------------------------------
      Percentiles      Smallest
 1%            1              1
 5%            1              1
10%            1              1       Obs                  56
25%            1              1       Sum of Wgt.          56

50%            1                      Mean           1.607143
                        Largest       Std. Dev.      1.288813
75%            2              4
90%            3              5       Variance       1.661039
95%            5              6       Skewness       2.562995
99%            7              7       Kurtosis       9.447449

            PPP adjusted monthly household income
-------------------------------------------------------------
      Percentiles      Smallest
 1%     75.63381       75.63381
 5%     113.4507       75.63381
10%     151.2676       113.4507       Obs                  54
25%     302.5352       151.2676       Sum of Wgt.          54

50%     642.8874                      Mean            1775.54
                        Largest       Std. Dev.      2457.752
75%     2647.183       7563.381
90%     4538.029       7563.381       Variance        6040544
95%     7563.381       7563.381       Skewness       2.082099
99%     11345.07       11345.07       Kurtosis       6.935418

------------------------------------------------------------------------------------------------------------------------------------------------------------------------
-> pes_participation = MR

                          land_size
-------------------------------------------------------------
      Percentiles      Smallest
 1%          .64            .64
 5%            4              1
10%          5.5           2.24       Obs                  65
25%          8.5              4       Sum of Wgt.          65

50%           25                      Mean             48.904
                        Largest       Std. Dev.      74.22135
75%           56            146
90%         98.5         277.76       Variance       5508.809
95%          146            314       Skewness       3.299536
99%          428            428       Kurtosis       14.98092

          Total number of farms owned by the person
-------------------------------------------------------------
      Percentiles      Smallest
 1%            1              1
 5%            1              1
10%            1              1       Obs                  66
25%            1              1       Sum of Wgt.          66

50%            2                      Mean           2.106061
                        Largest       Std. Dev.      1.393709
75%            3              5
90%            5              5       Variance       1.942424
95%            5              5       Skewness       1.115218
99%            6              6       Kurtosis       3.129424

            PPP adjusted monthly household income
-------------------------------------------------------------
      Percentiles      Smallest
 1%            0              0
 5%     75.63381       75.63381
10%     151.2676       75.63381       Obs                  65
25%     378.1691       75.63381       Sum of Wgt.          65

50%     907.6057                      Mean            1455.04
                        Largest       Std. Dev.      1702.813
75%     1512.676       5294.367
90%     3781.691       5294.367       Variance        2899571
95%     5294.367       7563.381       Skewness       1.974352
99%     7563.381       7563.381       Kurtosis       6.680843


. replace land_size = 12 if land_size==. & pes_participation==2
(1 real change made)

. replace land_size = 25 if land_size==. & pes_participation==3
(2 real changes made)

. replace farms_n = 1 if farms_n==. & pes_participation==2
(0 real changes made)

. replace farms_n = 2 if farms_n==. & pes_participation==3
(1 real change made)

. replace income_hh_ppp =  642.8874 if income_hh_ppp==. & pes_participation==2
(2 real changes made)

. replace income_hh_ppp =  907.6057 if income_hh_ppp==. & pes_participation==3
(2 real changes made)

. 
. 
. 
. * Save dataset
. save "$working_ANALYSIS/processed/psa_colombia_rdy.dta", replace
file C:\Users\istei\OneDrive\Promotion\1_Projects\PES_Colombia\analysis/processed/psa_colombia_rdy.dta saved

. 
. 
. 
. 
.  
. ** EOF
. 
end of do-file

. 
end of do-file

. do "C:\Users\istei\AppData\Local\Temp\STD4228_000000.tmp"

.         1) Analysis Main Manuscript
1 is not a valid command name
r(199);

end of do-file

r(199);

. do "C:\Users\istei\AppData\Local\Temp\STD4228_000000.tmp"

. * PROPENSITY SCORE MATCHING (PSM) 
. *--------------------------------------------------
. * Stage 1: Match
. gen treated = 1 if pes_participation > 1
(80 missing values generated)

. replace treated = 0 if pes_participation == 1
(80 real changes made)

. *determine caliper
. logit treated farms_n land_size income_hh_ppp

Iteration 0:   log likelihood = -136.12001  
Iteration 1:   log likelihood = -129.08443  
Iteration 2:   log likelihood = -126.39589  
Iteration 3:   log likelihood = -126.29084  
Iteration 4:   log likelihood = -126.29044  
Iteration 5:   log likelihood = -126.29044  

Logistic regression                             Number of obs     =        203
                                                LR chi2(3)        =      19.66
                                                Prob > chi2       =     0.0002
Log likelihood = -126.29044                     Pseudo R2         =     0.0722

-------------------------------------------------------------------------------
      treated |      Coef.   Std. Err.      z    P>|z|     [95% Conf. Interval]
--------------+----------------------------------------------------------------
      farms_n |   .0429977   .1271137     0.34   0.735    -.2061405    .2921359
    land_size |   .0203438    .006558     3.10   0.002     .0074905    .0331972
income_hh_ppp |  -.0000187   .0000717    -0.26   0.794    -.0001591    .0001218
        _cons |  -.1124644   .2700225    -0.42   0.677    -.6416988      .41677
-------------------------------------------------------------------------------
Note: 0 failures and 1 success completely determined.

. predict pscore
(option pr assumed; Pr(treated))

. sum pscore

    Variable |        Obs        Mean    Std. Dev.       Min        Max
-------------+---------------------------------------------------------
      pscore |        203    .6059113    .1390512    .472858          1

. local caliper = sqrt(r(sd))/4

. display `caliper'
.09322392

. 
end of do-file

. do "C:\Users\istei\AppData\Local\Temp\STD4228_000000.tmp"

. psmatch2 treated farms_n land_size, caliper(0.094) n(1) logit common

Logistic regression                             Number of obs     =        203
                                                LR chi2(2)        =      19.59
                                                Prob > chi2       =     0.0001
Log likelihood = -126.32408                     Pseudo R2         =     0.0720

------------------------------------------------------------------------------
     treated |      Coef.   Std. Err.      z    P>|z|     [95% Conf. Interval]
-------------+----------------------------------------------------------------
     farms_n |   .0386083   .1258045     0.31   0.759    -.2079641    .2851807
   land_size |   .0199514     .00636     3.14   0.002      .007486    .0324168
       _cons |  -.1222277   .2672099    -0.46   0.647    -.6459495    .4014942
------------------------------------------------------------------------------
Note: 0 failures and 1 success completely determined.

. psgraph
(note:  named style medthin not found in class linestyle, default attributes used)

. pstest farms_n land_size, both graph legend(rows(1) pos(6) ring(1))

----------------------------------------------------------------------------------------
                Unmatched |       Mean               %reduct |     t-test    |  V(T)/
Variable          Matched | Treated Control    %bias  |bias| |    t    p>|t| |  V(C)
--------------------------+----------------------------------+---------------+----------
farms_n                U  |  1.878   1.6125     20.7         |   1.42  0.157 |  1.27
                       M  |  1.812        2    -14.6    29.2 |  -1.05  0.293 |  0.76
                          |                                  |               |
land_size              U  | 51.415   15.554     43.6         |   2.78  0.006 | 15.63*
                       M  | 31.473   31.054      0.5    98.8 |   0.09  0.924 |  0.97
                          |                                  |               |
----------------------------------------------------------------------------------------
* if variance ratio outside [0.70; 1.43] for U and [0.69; 1.44] for M

-----------------------------------------------------------------------------------
 Sample    | Ps R2   LR chi2   p>chi2   MeanBias   MedBias      B      R     %Var
-----------+-----------------------------------------------------------------------
 Unmatched | 0.068     18.41    0.000     32.1      32.1      43.9*  14.97*    50
 Matched   | 0.004      1.21    0.546      7.6       7.6      14.3    0.74      0
-----------------------------------------------------------------------------------
* if B>25%, R outside [0.5; 2]

. 
end of do-file

. do "C:\Users\istei\AppData\Local\Temp\STD4228_000000.tmp"

. psmatch2 treated farms_n land_size income_hh_ppp, caliper(0.094) n(1) logit common

Logistic regression                             Number of obs     =        203
                                                LR chi2(3)        =      19.66
                                                Prob > chi2       =     0.0002
Log likelihood = -126.29044                     Pseudo R2         =     0.0722

-------------------------------------------------------------------------------
      treated |      Coef.   Std. Err.      z    P>|z|     [95% Conf. Interval]
--------------+----------------------------------------------------------------
      farms_n |   .0429977   .1271137     0.34   0.735    -.2061405    .2921359
    land_size |   .0203438    .006558     3.10   0.002     .0074905    .0331972
income_hh_ppp |  -.0000187   .0000717    -0.26   0.794    -.0001591    .0001218
        _cons |  -.1124644   .2700225    -0.42   0.677    -.6416988      .41677
-------------------------------------------------------------------------------
Note: 0 failures and 1 success completely determined.

. psgraph

. pstest farms_n land_size income_hh_ppp, both graph legend(rows(1) pos(6) ring(1))

----------------------------------------------------------------------------------------
                Unmatched |       Mean               %reduct |     t-test    |  V(T)/
Variable          Matched | Treated Control    %bias  |bias| |    t    p>|t| |  V(C)
--------------------------+----------------------------------+---------------+----------
farms_n                U  |  1.878   1.6125     20.7         |   1.42  0.157 |  1.27
                       M  |  1.819   2.1638    -26.8   -29.9 |  -1.70  0.090 |  0.51*
                          |                                  |               |
land_size              U  | 51.415   15.554     43.6         |   2.78  0.006 | 15.63*
                       M  | 31.725   31.115      0.7    98.3 |   0.14  0.891 |  0.97
                          |                                  |               |
income_hh_ppp          U  | 1573.6   1259.6     13.6         |   0.97  0.334 |  0.64*
                       M  | 1520.6     1656     -5.9    56.9 |  -0.38  0.703 |  0.41*
                          |                                  |               |
----------------------------------------------------------------------------------------
* if variance ratio outside [0.70; 1.43] for U and [0.69; 1.44] for M

-----------------------------------------------------------------------------------
 Sample    | Ps R2   LR chi2   p>chi2   MeanBias   MedBias      B      R     %Var
-----------+-----------------------------------------------------------------------
 Unmatched | 0.068     18.42    0.000     25.9      20.7      43.9*  15.13*    67
 Matched   | 0.010      3.18    0.365     11.1       5.9      23.1    0.49*    67
-----------------------------------------------------------------------------------
* if B>25%, R outside [0.5; 2]

. 
end of do-file

. do "C:\Users\istei\AppData\Local\Temp\STD4228_000000.tmp"

. tab _n1

  psmatch2: |
      ID of |
    nearest |
   neighbor |
      nr. 1 |      Freq.     Percent        Cum.
------------+-----------------------------------
          8 |          2        1.72        1.72
         18 |          2        1.72        3.45
         22 |          1        0.86        4.31
         23 |          1        0.86        5.17
         24 |          1        0.86        6.03
         26 |          1        0.86        6.90
         34 |          1        0.86        7.76
         35 |          1        0.86        8.62
         37 |          4        3.45       12.07
         38 |          2        1.72       13.79
         39 |          2        1.72       15.52
         40 |          6        5.17       20.69
         41 |          1        0.86       21.55
         42 |          1        0.86       22.41
         43 |          2        1.72       24.14
         44 |          2        1.72       25.86
         47 |          2        1.72       27.59
         48 |          3        2.59       30.17
         49 |          2        1.72       31.90
         50 |          2        1.72       33.62
         51 |          4        3.45       37.07
         52 |          2        1.72       38.79
         55 |          1        0.86       39.66
         56 |          3        2.59       42.24
         57 |          1        0.86       43.10
         58 |          2        1.72       44.83
         59 |          1        0.86       45.69
         62 |          3        2.59       48.28
         65 |          2        1.72       50.00
         66 |          2        1.72       51.72
         67 |          2        1.72       53.45
         68 |          4        3.45       56.90
         69 |          4        3.45       60.34
         70 |          3        2.59       62.93
         71 |          5        4.31       67.24
         72 |          3        2.59       69.83
         73 |          6        5.17       75.00
         74 |          3        2.59       77.59
         75 |          6        5.17       82.76
         76 |          7        6.03       88.79
         77 |          1        0.86       89.66
         78 |          7        6.03       95.69
         79 |          4        3.45       99.14
         80 |          1        0.86      100.00
------------+-----------------------------------
      Total |        116      100.00

. 
end of do-file

. do "C:\Users\istei\AppData\Local\Temp\STD4228_000000.tmp"

. tab _treated

  psmatch2: |
  Treatment |
 assignment |      Freq.     Percent        Cum.
------------+-----------------------------------
  Untreated |         80       39.41       39.41
    Treated |        123       60.59      100.00
------------+-----------------------------------
      Total |        203      100.00

. 
end of do-file

. do "C:\Users\istei\AppData\Local\Temp\STD4228_000000.tmp"

. gen pair = _id if _treated==0 
(123 missing values generated)

. replace pair = _n1 if _treated==1
(116 real changes made)

. bysort pair: egen paircount = count(pair)

. foreach x of varlist _weight _id _pscore _pdif _n1 _nn _treated _support pair paircount {
  2.                 rename `x'  matched`x'
  3. }

. replace matched_treated=. if matchedpaircount < 2
(43 real changes made, 43 to missing)

. 
end of do-file

. tab matched_treated

  psmatch2: |
  Treatment |
 assignment |      Freq.     Percent        Cum.
------------+-----------------------------------
  Untreated |         44       27.50       27.50
    Treated |        116       72.50      100.00
------------+-----------------------------------
      Total |        160      100.00

. do "C:\Users\istei\OneDrive\Promotion\1_Projects\PES_Colombia\analysis\run.do"

. *-------------------------------------------------------------------------------------------------------
. * OVERVIEW
. *-------------------------------------------------------------------------------------------------------
. *   This script generates tables and figures reported in the manuscript and SOM of the paper:
. *   "Field evidence on termination from payments for ecosystem services: Cundinamarca, Colombia"
. *       Authors: Esther Blanco, Alex Pfaff, BjÃ¶rn Vollan, Ivo Steimanis
. *   All raw datafiles are stored in /data
. *   All figures reported in the main manuscript and SOM are outputted to /results/figures
. *   All tables areported in the main manuscript and SOM are outputted to /results/tables
. * TO PERFORM A CLEAN RUN, DELETE THE FOLLOWING TWO FOLDERS:
. *   /processed
. *   /results
. *-------------------------------------------------------------------------------------------------------
. 
. 
. *--------------------------------------------------
. * Set global Working Directory
. *--------------------------------------------------
. * Define this global macro to point where the replication folder is saved locally that includes this run.do script
. global working_ANALYSIS "C:\Users\istei\OneDrive\Promotion\1_Projects\PES_Colombia\analysis"

. 
. 
. *--------------------------------------------------
. * Program Setup
. *--------------------------------------------------
. * Initialize log and record system parameters
. clear

. set more off

. cap mkdir "$working_ANALYSIS/scripts/logs"

. cap log close
